// Jest Snapshot v1, https://goo.gl/fbAQLP

exports[`Login Test Rendering Login page 1`] = `
ShallowWrapper {
  "length": 1,
  Symbol(enzyme.__root__): [Circular],
  Symbol(enzyme.__unrendered__): <NavBar />,
  Symbol(enzyme.__renderer__): Object {
    "batchedUpdates": [Function],
    "getNode": [Function],
    "render": [Function],
    "simulateEvent": [Function],
    "unmount": [Function],
  },
  Symbol(enzyme.__node__): Object {
    "instance": null,
    "key": undefined,
    "nodeType": "host",
    "props": Object {
      "children": <nav
        className="navbar navbar-default"
        style={
          Object {
            "MozBoxShadow": "0 0 4px rgba(0,0,0,0.4)",
            "WebkitBoxShadow": "0 0 4px rgba(0,0,0,0.4)",
            "boxShadow": "0 0 4px rgba(0,0,0,0.4)",
          }
        }
      >
        <div
          className="navbar-header"
        >
          <Link
            className="navbar-brand"
            replace={false}
            style={Object {}}
            to="/"
          >
            Teachers Toolbox
          </Link>
        </div>
        <div
          className="collapse navbar-collapse"
          id="nav-collapse"
        >
          <ul
            className="nav navbar-nav"
          >
            <li>
              <Link
                replace={false}
                to="/contact"
              >
                 Contact 
              </Link>
            </li>
            <li>
              <Link
                replace={false}
                to="/create"
              >
                 Create 
              </Link>
            </li>
            <li>
               
              <Link
                replace={false}
                to="/Login"
              >
                 Login 
              </Link>
            </li>
            <li>
              <Link
                replace={false}
                to="/Register"
              >
                 Register 
              </Link>
            </li>
            <li>
              <Link
                replace={false}
                to="/MyAccount"
              >
                 My Account 
              </Link>
            </li>
            <li>
              <Link
                replace={false}
                to="/search"
              >
                 Search 
              </Link>
            </li>
          </ul>
        </div>
      </nav>,
    },
    "ref": null,
    "rendered": Object {
      "instance": null,
      "key": undefined,
      "nodeType": "host",
      "props": Object {
        "children": Array [
          <div
            className="navbar-header"
          >
            <Link
              className="navbar-brand"
              replace={false}
              style={Object {}}
              to="/"
            >
              Teachers Toolbox
            </Link>
          </div>,
          <div
            className="collapse navbar-collapse"
            id="nav-collapse"
          >
            <ul
              className="nav navbar-nav"
            >
              <li>
                <Link
                  replace={false}
                  to="/contact"
                >
                   Contact 
                </Link>
              </li>
              <li>
                <Link
                  replace={false}
                  to="/create"
                >
                   Create 
                </Link>
              </li>
              <li>
                 
                <Link
                  replace={false}
                  to="/Login"
                >
                   Login 
                </Link>
              </li>
              <li>
                <Link
                  replace={false}
                  to="/Register"
                >
                   Register 
                </Link>
              </li>
              <li>
                <Link
                  replace={false}
                  to="/MyAccount"
                >
                   My Account 
                </Link>
              </li>
              <li>
                <Link
                  replace={false}
                  to="/search"
                >
                   Search 
                </Link>
              </li>
            </ul>
          </div>,
        ],
        "className": "navbar navbar-default",
        "style": Object {
          "MozBoxShadow": "0 0 4px rgba(0,0,0,0.4)",
          "WebkitBoxShadow": "0 0 4px rgba(0,0,0,0.4)",
          "boxShadow": "0 0 4px rgba(0,0,0,0.4)",
        },
      },
      "ref": null,
      "rendered": Array [
        Object {
          "instance": null,
          "key": undefined,
          "nodeType": "host",
          "props": Object {
            "children": <Link
              className="navbar-brand"
              replace={false}
              style={Object {}}
              to="/"
            >
              Teachers Toolbox
            </Link>,
            "className": "navbar-header",
          },
          "ref": null,
          "rendered": Object {
            "instance": null,
            "key": undefined,
            "nodeType": "class",
            "props": Object {
              "children": "Teachers Toolbox",
              "className": "navbar-brand",
              "replace": false,
              "style": Object {},
              "to": "/",
            },
            "ref": null,
            "rendered": "Teachers Toolbox",
            "type": [Function],
          },
          "type": "div",
        },
        Object {
          "instance": null,
          "key": undefined,
          "nodeType": "host",
          "props": Object {
            "children": <ul
              className="nav navbar-nav"
            >
              <li>
                <Link
                  replace={false}
                  to="/contact"
                >
                   Contact 
                </Link>
              </li>
              <li>
                <Link
                  replace={false}
                  to="/create"
                >
                   Create 
                </Link>
              </li>
              <li>
                 
                <Link
                  replace={false}
                  to="/Login"
                >
                   Login 
                </Link>
              </li>
              <li>
                <Link
                  replace={false}
                  to="/Register"
                >
                   Register 
                </Link>
              </li>
              <li>
                <Link
                  replace={false}
                  to="/MyAccount"
                >
                   My Account 
                </Link>
              </li>
              <li>
                <Link
                  replace={false}
                  to="/search"
                >
                   Search 
                </Link>
              </li>
            </ul>,
            "className": "collapse navbar-collapse",
            "id": "nav-collapse",
          },
          "ref": null,
          "rendered": Object {
            "instance": null,
            "key": undefined,
            "nodeType": "host",
            "props": Object {
              "children": Array [
                <li>
                  <Link
                    replace={false}
                    to="/contact"
                  >
                     Contact 
                  </Link>
                </li>,
                <li>
                  <Link
                    replace={false}
                    to="/create"
                  >
                     Create 
                  </Link>
                </li>,
                <li>
                   
                  <Link
                    replace={false}
                    to="/Login"
                  >
                     Login 
                  </Link>
                </li>,
                <li>
                  <Link
                    replace={false}
                    to="/Register"
                  >
                     Register 
                  </Link>
                </li>,
                <li>
                  <Link
                    replace={false}
                    to="/MyAccount"
                  >
                     My Account 
                  </Link>
                </li>,
                <li>
                  <Link
                    replace={false}
                    to="/search"
                  >
                     Search 
                  </Link>
                </li>,
              ],
              "className": "nav navbar-nav",
            },
            "ref": null,
            "rendered": Array [
              Object {
                "instance": null,
                "key": undefined,
                "nodeType": "host",
                "props": Object {
                  "children": <Link
                    replace={false}
                    to="/contact"
                  >
                     Contact 
                  </Link>,
                },
                "ref": null,
                "rendered": Object {
                  "instance": null,
                  "key": undefined,
                  "nodeType": "class",
                  "props": Object {
                    "children": " Contact ",
                    "replace": false,
                    "to": "/contact",
                  },
                  "ref": null,
                  "rendered": " Contact ",
                  "type": [Function],
                },
                "type": "li",
              },
              Object {
                "instance": null,
                "key": undefined,
                "nodeType": "host",
                "props": Object {
                  "children": <Link
                    replace={false}
                    to="/create"
                  >
                     Create 
                  </Link>,
                },
                "ref": null,
                "rendered": Object {
                  "instance": null,
                  "key": undefined,
                  "nodeType": "class",
                  "props": Object {
                    "children": " Create ",
                    "replace": false,
                    "to": "/create",
                  },
                  "ref": null,
                  "rendered": " Create ",
                  "type": [Function],
                },
                "type": "li",
              },
              Object {
                "instance": null,
                "key": undefined,
                "nodeType": "host",
                "props": Object {
                  "children": Array [
                    " ",
                    <Link
                      replace={false}
                      to="/Login"
                    >
                       Login 
                    </Link>,
                  ],
                },
                "ref": null,
                "rendered": Array [
                  " ",
                  Object {
                    "instance": null,
                    "key": undefined,
                    "nodeType": "class",
                    "props": Object {
                      "children": " Login ",
                      "replace": false,
                      "to": "/Login",
                    },
                    "ref": null,
                    "rendered": " Login ",
                    "type": [Function],
                  },
                ],
                "type": "li",
              },
              Object {
                "instance": null,
                "key": undefined,
                "nodeType": "host",
                "props": Object {
                  "children": <Link
                    replace={false}
                    to="/Register"
                  >
                     Register 
                  </Link>,
                },
                "ref": null,
                "rendered": Object {
                  "instance": null,
                  "key": undefined,
                  "nodeType": "class",
                  "props": Object {
                    "children": " Register ",
                    "replace": false,
                    "to": "/Register",
                  },
                  "ref": null,
                  "rendered": " Register ",
                  "type": [Function],
                },
                "type": "li",
              },
              Object {
                "instance": null,
                "key": undefined,
                "nodeType": "host",
                "props": Object {
                  "children": <Link
                    replace={false}
                    to="/MyAccount"
                  >
                     My Account 
                  </Link>,
                },
                "ref": null,
                "rendered": Object {
                  "instance": null,
                  "key": undefined,
                  "nodeType": "class",
                  "props": Object {
                    "children": " My Account ",
                    "replace": false,
                    "to": "/MyAccount",
                  },
                  "ref": null,
                  "rendered": " My Account ",
                  "type": [Function],
                },
                "type": "li",
              },
              Object {
                "instance": null,
                "key": undefined,
                "nodeType": "host",
                "props": Object {
                  "children": <Link
                    replace={false}
                    to="/search"
                  >
                     Search 
                  </Link>,
                },
                "ref": null,
                "rendered": Object {
                  "instance": null,
                  "key": undefined,
                  "nodeType": "class",
                  "props": Object {
                    "children": " Search ",
                    "replace": false,
                    "to": "/search",
                  },
                  "ref": null,
                  "rendered": " Search ",
                  "type": [Function],
                },
                "type": "li",
              },
            ],
            "type": "ul",
          },
          "type": "div",
        },
      ],
      "type": "nav",
    },
    "type": "div",
  },
  Symbol(enzyme.__nodes__): Array [
    Object {
      "instance": null,
      "key": undefined,
      "nodeType": "host",
      "props": Object {
        "children": <nav
          className="navbar navbar-default"
          style={
            Object {
              "MozBoxShadow": "0 0 4px rgba(0,0,0,0.4)",
              "WebkitBoxShadow": "0 0 4px rgba(0,0,0,0.4)",
              "boxShadow": "0 0 4px rgba(0,0,0,0.4)",
            }
          }
        >
          <div
            className="navbar-header"
          >
            <Link
              className="navbar-brand"
              replace={false}
              style={Object {}}
              to="/"
            >
              Teachers Toolbox
            </Link>
          </div>
          <div
            className="collapse navbar-collapse"
            id="nav-collapse"
          >
            <ul
              className="nav navbar-nav"
            >
              <li>
                <Link
                  replace={false}
                  to="/contact"
                >
                   Contact 
                </Link>
              </li>
              <li>
                <Link
                  replace={false}
                  to="/create"
                >
                   Create 
                </Link>
              </li>
              <li>
                 
                <Link
                  replace={false}
                  to="/Login"
                >
                   Login 
                </Link>
              </li>
              <li>
                <Link
                  replace={false}
                  to="/Register"
                >
                   Register 
                </Link>
              </li>
              <li>
                <Link
                  replace={false}
                  to="/MyAccount"
                >
                   My Account 
                </Link>
              </li>
              <li>
                <Link
                  replace={false}
                  to="/search"
                >
                   Search 
                </Link>
              </li>
            </ul>
          </div>
        </nav>,
      },
      "ref": null,
      "rendered": Object {
        "instance": null,
        "key": undefined,
        "nodeType": "host",
        "props": Object {
          "children": Array [
            <div
              className="navbar-header"
            >
              <Link
                className="navbar-brand"
                replace={false}
                style={Object {}}
                to="/"
              >
                Teachers Toolbox
              </Link>
            </div>,
            <div
              className="collapse navbar-collapse"
              id="nav-collapse"
            >
              <ul
                className="nav navbar-nav"
              >
                <li>
                  <Link
                    replace={false}
                    to="/contact"
                  >
                     Contact 
                  </Link>
                </li>
                <li>
                  <Link
                    replace={false}
                    to="/create"
                  >
                     Create 
                  </Link>
                </li>
                <li>
                   
                  <Link
                    replace={false}
                    to="/Login"
                  >
                     Login 
                  </Link>
                </li>
                <li>
                  <Link
                    replace={false}
                    to="/Register"
                  >
                     Register 
                  </Link>
                </li>
                <li>
                  <Link
                    replace={false}
                    to="/MyAccount"
                  >
                     My Account 
                  </Link>
                </li>
                <li>
                  <Link
                    replace={false}
                    to="/search"
                  >
                     Search 
                  </Link>
                </li>
              </ul>
            </div>,
          ],
          "className": "navbar navbar-default",
          "style": Object {
            "MozBoxShadow": "0 0 4px rgba(0,0,0,0.4)",
            "WebkitBoxShadow": "0 0 4px rgba(0,0,0,0.4)",
            "boxShadow": "0 0 4px rgba(0,0,0,0.4)",
          },
        },
        "ref": null,
        "rendered": Array [
          Object {
            "instance": null,
            "key": undefined,
            "nodeType": "host",
            "props": Object {
              "children": <Link
                className="navbar-brand"
                replace={false}
                style={Object {}}
                to="/"
              >
                Teachers Toolbox
              </Link>,
              "className": "navbar-header",
            },
            "ref": null,
            "rendered": Object {
              "instance": null,
              "key": undefined,
              "nodeType": "class",
              "props": Object {
                "children": "Teachers Toolbox",
                "className": "navbar-brand",
                "replace": false,
                "style": Object {},
                "to": "/",
              },
              "ref": null,
              "rendered": "Teachers Toolbox",
              "type": [Function],
            },
            "type": "div",
          },
          Object {
            "instance": null,
            "key": undefined,
            "nodeType": "host",
            "props": Object {
              "children": <ul
                className="nav navbar-nav"
              >
                <li>
                  <Link
                    replace={false}
                    to="/contact"
                  >
                     Contact 
                  </Link>
                </li>
                <li>
                  <Link
                    replace={false}
                    to="/create"
                  >
                     Create 
                  </Link>
                </li>
                <li>
                   
                  <Link
                    replace={false}
                    to="/Login"
                  >
                     Login 
                  </Link>
                </li>
                <li>
                  <Link
                    replace={false}
                    to="/Register"
                  >
                     Register 
                  </Link>
                </li>
                <li>
                  <Link
                    replace={false}
                    to="/MyAccount"
                  >
                     My Account 
                  </Link>
                </li>
                <li>
                  <Link
                    replace={false}
                    to="/search"
                  >
                     Search 
                  </Link>
                </li>
              </ul>,
              "className": "collapse navbar-collapse",
              "id": "nav-collapse",
            },
            "ref": null,
            "rendered": Object {
              "instance": null,
              "key": undefined,
              "nodeType": "host",
              "props": Object {
                "children": Array [
                  <li>
                    <Link
                      replace={false}
                      to="/contact"
                    >
                       Contact 
                    </Link>
                  </li>,
                  <li>
                    <Link
                      replace={false}
                      to="/create"
                    >
                       Create 
                    </Link>
                  </li>,
                  <li>
                     
                    <Link
                      replace={false}
                      to="/Login"
                    >
                       Login 
                    </Link>
                  </li>,
                  <li>
                    <Link
                      replace={false}
                      to="/Register"
                    >
                       Register 
                    </Link>
                  </li>,
                  <li>
                    <Link
                      replace={false}
                      to="/MyAccount"
                    >
                       My Account 
                    </Link>
                  </li>,
                  <li>
                    <Link
                      replace={false}
                      to="/search"
                    >
                       Search 
                    </Link>
                  </li>,
                ],
                "className": "nav navbar-nav",
              },
              "ref": null,
              "rendered": Array [
                Object {
                  "instance": null,
                  "key": undefined,
                  "nodeType": "host",
                  "props": Object {
                    "children": <Link
                      replace={false}
                      to="/contact"
                    >
                       Contact 
                    </Link>,
                  },
                  "ref": null,
                  "rendered": Object {
                    "instance": null,
                    "key": undefined,
                    "nodeType": "class",
                    "props": Object {
                      "children": " Contact ",
                      "replace": false,
                      "to": "/contact",
                    },
                    "ref": null,
                    "rendered": " Contact ",
                    "type": [Function],
                  },
                  "type": "li",
                },
                Object {
                  "instance": null,
                  "key": undefined,
                  "nodeType": "host",
                  "props": Object {
                    "children": <Link
                      replace={false}
                      to="/create"
                    >
                       Create 
                    </Link>,
                  },
                  "ref": null,
                  "rendered": Object {
                    "instance": null,
                    "key": undefined,
                    "nodeType": "class",
                    "props": Object {
                      "children": " Create ",
                      "replace": false,
                      "to": "/create",
                    },
                    "ref": null,
                    "rendered": " Create ",
                    "type": [Function],
                  },
                  "type": "li",
                },
                Object {
                  "instance": null,
                  "key": undefined,
                  "nodeType": "host",
                  "props": Object {
                    "children": Array [
                      " ",
                      <Link
                        replace={false}
                        to="/Login"
                      >
                         Login 
                      </Link>,
                    ],
                  },
                  "ref": null,
                  "rendered": Array [
                    " ",
                    Object {
                      "instance": null,
                      "key": undefined,
                      "nodeType": "class",
                      "props": Object {
                        "children": " Login ",
                        "replace": false,
                        "to": "/Login",
                      },
                      "ref": null,
                      "rendered": " Login ",
                      "type": [Function],
                    },
                  ],
                  "type": "li",
                },
                Object {
                  "instance": null,
                  "key": undefined,
                  "nodeType": "host",
                  "props": Object {
                    "children": <Link
                      replace={false}
                      to="/Register"
                    >
                       Register 
                    </Link>,
                  },
                  "ref": null,
                  "rendered": Object {
                    "instance": null,
                    "key": undefined,
                    "nodeType": "class",
                    "props": Object {
                      "children": " Register ",
                      "replace": false,
                      "to": "/Register",
                    },
                    "ref": null,
                    "rendered": " Register ",
                    "type": [Function],
                  },
                  "type": "li",
                },
                Object {
                  "instance": null,
                  "key": undefined,
                  "nodeType": "host",
                  "props": Object {
                    "children": <Link
                      replace={false}
                      to="/MyAccount"
                    >
                       My Account 
                    </Link>,
                  },
                  "ref": null,
                  "rendered": Object {
                    "instance": null,
                    "key": undefined,
                    "nodeType": "class",
                    "props": Object {
                      "children": " My Account ",
                      "replace": false,
                      "to": "/MyAccount",
                    },
                    "ref": null,
                    "rendered": " My Account ",
                    "type": [Function],
                  },
                  "type": "li",
                },
                Object {
                  "instance": null,
                  "key": undefined,
                  "nodeType": "host",
                  "props": Object {
                    "children": <Link
                      replace={false}
                      to="/search"
                    >
                       Search 
                    </Link>,
                  },
                  "ref": null,
                  "rendered": Object {
                    "instance": null,
                    "key": undefined,
                    "nodeType": "class",
                    "props": Object {
                      "children": " Search ",
                      "replace": false,
                      "to": "/search",
                    },
                    "ref": null,
                    "rendered": " Search ",
                    "type": [Function],
                  },
                  "type": "li",
                },
              ],
              "type": "ul",
            },
            "type": "div",
          },
        ],
        "type": "nav",
      },
      "type": "div",
    },
  ],
  Symbol(enzyme.__options__): Object {
    "adapter": ReactFifteenAdapter {
      "options": Object {
        "supportPrevContextArgumentOfComponentDidUpdate": true,
      },
    },
  },
}
`;
