// Jest Snapshot v1, https://goo.gl/fbAQLP

exports[`Login Test Rendering Login page 1`] = `
ShallowWrapper {
  "length": 1,
  Symbol(enzyme.__root__): [Circular],
  Symbol(enzyme.__unrendered__): <Login />,
  Symbol(enzyme.__renderer__): Object {
    "batchedUpdates": [Function],
    "getNode": [Function],
    "render": [Function],
    "simulateEvent": [Function],
    "unmount": [Function],
  },
  Symbol(enzyme.__node__): Object {
    "instance": null,
    "key": undefined,
    "nodeType": "host",
    "props": Object {
      "children": Array [
        <button
          className="user fa fa-address-card btn-default"
        >
           
          <br />
          Teachers Toolbox
        </button>,
        <h2>
          Log in Here
        </h2>,
        <br />,
        <p>
          Email
        </p>,
        <input
          className="valinput"
          id="inputUsername"
          name="email"
          onChange={[Function]}
          placeholder="email"
          required={true}
          type="text"
          value=""
        />,
        <small />,
        <br />,
        <p>
          Password
        </p>,
        <input
          className="valinput"
          id="password"
          minLength={4}
          name="password"
          onChange={[Function]}
          placeholder="**********"
          required={true}
          type="password"
          value=""
        />,
        <small />,
        <br />,
        <br />,
        <button
          onClick={[Function]}
        >
          Submit
        </button>,
        <br />,
        <a
          href="#"
        >
          Forgot your password ?
        </a>,
      ],
      "className": "loginBox",
    },
    "ref": null,
    "rendered": Array [
      Object {
        "instance": null,
        "key": undefined,
        "nodeType": "host",
        "props": Object {
          "children": Array [
            " ",
            <br />,
            "Teachers Toolbox",
          ],
          "className": "user fa fa-address-card btn-default",
        },
        "ref": null,
        "rendered": Array [
          " ",
          Object {
            "instance": null,
            "key": undefined,
            "nodeType": "host",
            "props": Object {},
            "ref": null,
            "rendered": null,
            "type": "br",
          },
          "Teachers Toolbox",
        ],
        "type": "button",
      },
      Object {
        "instance": null,
        "key": undefined,
        "nodeType": "host",
        "props": Object {
          "children": "Log in Here",
        },
        "ref": null,
        "rendered": "Log in Here",
        "type": "h2",
      },
      Object {
        "instance": null,
        "key": undefined,
        "nodeType": "host",
        "props": Object {},
        "ref": null,
        "rendered": null,
        "type": "br",
      },
      Object {
        "instance": null,
        "key": undefined,
        "nodeType": "host",
        "props": Object {
          "children": "Email",
        },
        "ref": null,
        "rendered": "Email",
        "type": "p",
      },
      Object {
        "instance": null,
        "key": undefined,
        "nodeType": "host",
        "props": Object {
          "className": "valinput",
          "id": "inputUsername",
          "name": "email",
          "onChange": [Function],
          "placeholder": "email",
          "required": true,
          "type": "text",
          "value": "",
        },
        "ref": null,
        "rendered": null,
        "type": "input",
      },
      Object {
        "instance": null,
        "key": undefined,
        "nodeType": "host",
        "props": Object {
          "children": null,
        },
        "ref": null,
        "rendered": null,
        "type": "small",
      },
      Object {
        "instance": null,
        "key": undefined,
        "nodeType": "host",
        "props": Object {},
        "ref": null,
        "rendered": null,
        "type": "br",
      },
      Object {
        "instance": null,
        "key": undefined,
        "nodeType": "host",
        "props": Object {
          "children": "Password",
        },
        "ref": null,
        "rendered": "Password",
        "type": "p",
      },
      Object {
        "instance": null,
        "key": undefined,
        "nodeType": "host",
        "props": Object {
          "className": "valinput",
          "id": "password",
          "minLength": 4,
          "name": "password",
          "onChange": [Function],
          "placeholder": "**********",
          "required": true,
          "type": "password",
          "value": "",
        },
        "ref": null,
        "rendered": null,
        "type": "input",
      },
      Object {
        "instance": null,
        "key": undefined,
        "nodeType": "host",
        "props": Object {
          "children": null,
        },
        "ref": null,
        "rendered": null,
        "type": "small",
      },
      Object {
        "instance": null,
        "key": undefined,
        "nodeType": "host",
        "props": Object {},
        "ref": null,
        "rendered": null,
        "type": "br",
      },
      Object {
        "instance": null,
        "key": undefined,
        "nodeType": "host",
        "props": Object {},
        "ref": null,
        "rendered": null,
        "type": "br",
      },
      Object {
        "instance": null,
        "key": undefined,
        "nodeType": "host",
        "props": Object {
          "children": "Submit",
          "onClick": [Function],
        },
        "ref": null,
        "rendered": "Submit",
        "type": "button",
      },
      Object {
        "instance": null,
        "key": undefined,
        "nodeType": "host",
        "props": Object {},
        "ref": null,
        "rendered": null,
        "type": "br",
      },
      Object {
        "instance": null,
        "key": undefined,
        "nodeType": "host",
        "props": Object {
          "children": "Forgot your password ?",
          "href": "#",
        },
        "ref": null,
        "rendered": "Forgot your password ?",
        "type": "a",
      },
    ],
    "type": "div",
  },
  Symbol(enzyme.__nodes__): Array [
    Object {
      "instance": null,
      "key": undefined,
      "nodeType": "host",
      "props": Object {
        "children": Array [
          <button
            className="user fa fa-address-card btn-default"
          >
             
            <br />
            Teachers Toolbox
          </button>,
          <h2>
            Log in Here
          </h2>,
          <br />,
          <p>
            Email
          </p>,
          <input
            className="valinput"
            id="inputUsername"
            name="email"
            onChange={[Function]}
            placeholder="email"
            required={true}
            type="text"
            value=""
          />,
          <small />,
          <br />,
          <p>
            Password
          </p>,
          <input
            className="valinput"
            id="password"
            minLength={4}
            name="password"
            onChange={[Function]}
            placeholder="**********"
            required={true}
            type="password"
            value=""
          />,
          <small />,
          <br />,
          <br />,
          <button
            onClick={[Function]}
          >
            Submit
          </button>,
          <br />,
          <a
            href="#"
          >
            Forgot your password ?
          </a>,
        ],
        "className": "loginBox",
      },
      "ref": null,
      "rendered": Array [
        Object {
          "instance": null,
          "key": undefined,
          "nodeType": "host",
          "props": Object {
            "children": Array [
              " ",
              <br />,
              "Teachers Toolbox",
            ],
            "className": "user fa fa-address-card btn-default",
          },
          "ref": null,
          "rendered": Array [
            " ",
            Object {
              "instance": null,
              "key": undefined,
              "nodeType": "host",
              "props": Object {},
              "ref": null,
              "rendered": null,
              "type": "br",
            },
            "Teachers Toolbox",
          ],
          "type": "button",
        },
        Object {
          "instance": null,
          "key": undefined,
          "nodeType": "host",
          "props": Object {
            "children": "Log in Here",
          },
          "ref": null,
          "rendered": "Log in Here",
          "type": "h2",
        },
        Object {
          "instance": null,
          "key": undefined,
          "nodeType": "host",
          "props": Object {},
          "ref": null,
          "rendered": null,
          "type": "br",
        },
        Object {
          "instance": null,
          "key": undefined,
          "nodeType": "host",
          "props": Object {
            "children": "Email",
          },
          "ref": null,
          "rendered": "Email",
          "type": "p",
        },
        Object {
          "instance": null,
          "key": undefined,
          "nodeType": "host",
          "props": Object {
            "className": "valinput",
            "id": "inputUsername",
            "name": "email",
            "onChange": [Function],
            "placeholder": "email",
            "required": true,
            "type": "text",
            "value": "",
          },
          "ref": null,
          "rendered": null,
          "type": "input",
        },
        Object {
          "instance": null,
          "key": undefined,
          "nodeType": "host",
          "props": Object {
            "children": null,
          },
          "ref": null,
          "rendered": null,
          "type": "small",
        },
        Object {
          "instance": null,
          "key": undefined,
          "nodeType": "host",
          "props": Object {},
          "ref": null,
          "rendered": null,
          "type": "br",
        },
        Object {
          "instance": null,
          "key": undefined,
          "nodeType": "host",
          "props": Object {
            "children": "Password",
          },
          "ref": null,
          "rendered": "Password",
          "type": "p",
        },
        Object {
          "instance": null,
          "key": undefined,
          "nodeType": "host",
          "props": Object {
            "className": "valinput",
            "id": "password",
            "minLength": 4,
            "name": "password",
            "onChange": [Function],
            "placeholder": "**********",
            "required": true,
            "type": "password",
            "value": "",
          },
          "ref": null,
          "rendered": null,
          "type": "input",
        },
        Object {
          "instance": null,
          "key": undefined,
          "nodeType": "host",
          "props": Object {
            "children": null,
          },
          "ref": null,
          "rendered": null,
          "type": "small",
        },
        Object {
          "instance": null,
          "key": undefined,
          "nodeType": "host",
          "props": Object {},
          "ref": null,
          "rendered": null,
          "type": "br",
        },
        Object {
          "instance": null,
          "key": undefined,
          "nodeType": "host",
          "props": Object {},
          "ref": null,
          "rendered": null,
          "type": "br",
        },
        Object {
          "instance": null,
          "key": undefined,
          "nodeType": "host",
          "props": Object {
            "children": "Submit",
            "onClick": [Function],
          },
          "ref": null,
          "rendered": "Submit",
          "type": "button",
        },
        Object {
          "instance": null,
          "key": undefined,
          "nodeType": "host",
          "props": Object {},
          "ref": null,
          "rendered": null,
          "type": "br",
        },
        Object {
          "instance": null,
          "key": undefined,
          "nodeType": "host",
          "props": Object {
            "children": "Forgot your password ?",
            "href": "#",
          },
          "ref": null,
          "rendered": "Forgot your password ?",
          "type": "a",
        },
      ],
      "type": "div",
    },
  ],
  Symbol(enzyme.__options__): Object {
    "adapter": ReactFifteenAdapter {
      "options": Object {
        "supportPrevContextArgumentOfComponentDidUpdate": true,
      },
    },
  },
}
`;
